0.000349836
0.00697792
-0.00170337
-0.000559233
0.000786557
0.000622371
-0.000235351
0.00378316
0.00356483
-0.00121308
0.00377161
0.00263834
0.000403422
0.00115721
0.0103547
-0.00110007
0.00265672
0.00340693
0.00318003
0.000273119
-0.00296508
0.000357264
0.00831536
-0.00281415
0.00474424
0.000402851
0.000656308
0.000621842
-0.000992195
0.00186394
0.0110651
0.00471712
0.00217885
-0.0027674
0.000904754
-0.00739496
-0.00116448
0.00919257
-0.0199978
0.000959899
0.0131877
