# normalization constants
56.305
45.060
35.769
26.204
15.912
7.483
2.297
0.000
