#1	pji	F
0.5 -51.9292 51.9292
1.5 -48.8382 48.8382
2.5 -46.3915 46.3915
3.5 -44.2958 44.2958
4.5 -42.1461 42.1461
5.5 -40.4521 40.4521
6.5 -38.5662 38.5662
7.5 -36.8761 36.8761
8.5 -35.0422 35.0422
9.5 -33.0152 33.0152
10.5 -31.1759 31.1759
11.5 -29.2058 29.2058
12.5 -27.4426 27.4426
13.5 -25.515 25.515
14.5 -23.6595 23.6595
15.5 -21.5743 21.5743
16.5 -19.4458 19.4458
17.5 -17.3523 17.3523
18.5 -15.2925 15.2925
19.5 -13.0945 13.0945
20.5 -11.0736 11.0736
21.5 -9.21374 9.21374
22.5 -7.67079 7.67079
23.5 -6.19499 6.19499
24.5 -4.88414 4.88414
25.5 -3.90787 3.90787
26.5 -3.07772 3.07772
27.5 -2.35031 2.35031
28.5 -1.9325 1.9325
29.5 -1.64023 1.64023
30.5 -1.67052 1.67052
31.5 -2.08562 2.08562
32.5 -2.28411 2.28411
33.5 -2.99675 2.99675
34.5 -3.96432 3.96432
