# mean 	 prefactor 	 energy 	 sparseIntegrate 	 FE
1.80525	0.957156	9.1546	0	45.6374
4.86767	1.26575	4.68375	-11.5372	38.8797
9.75706	1.39446	4.47331	-21.0501	29.706
15.0978	1.45161	5.13706	-30.7903	19.3591
20.016	1.24335	4.97352	-40.7865	9.3182
23.4651	1.19487	2.3734	-49.169	3.48741
26.8013	1.18053	0.641372	-54.3741	0
