-0.00102214
0.00276171
0.000121659
0.00108287
0.000484288
0.000700029
0.0017593
1.00231e-08
