# normalization constants
56.2849
45.0405
35.7514
26.1858
15.9017
7.47728
2.29472
0
