0 0.5 290
1 1.5 581
2 2.5 543
3 3.5 428
4 4.5 483
5 5.5 362
6 6.5 284
7 7.5 198
8 8.5 280
9 9.5 383
10 10.5 348
11 11.5 262
12 12.5 196
13 13.5 253
14 14.5 300
15 15.5 348
16 16.5 292
17 17.5 242
18 18.5 240
19 19.5 409
20 20.5 457
21 21.5 422
22 22.5 424
23 23.5 477
24 24.5 475
25 25.5 430
26 26.5 498
27 27.5 507
28 28.5 344
29 29.5 253
30 30.5 197
31 31.5 125
32 32.5 102
33 33.5 50
34 34.5 19
